[bootcamp.lv/index.html]
[backblue.gif]
[fade.gif]
[index.html]
[bootcamp.lv/wp-content/themes/accenture-bootcamp/images/og-img.png]
[bootcamp.lv/wp-content/themes/accenture-bootcamp/apple-touch-icon.png]
[bootcamp.lv/wp-content/themes/accenture-bootcamp/favicon-32x32.png]
[bootcamp.lv/wp-content/themes/accenture-bootcamp/favicon-16x16.png]
[bootcamp.lv/wp-content/themes/accenture-bootcamp/favicon.ico]
[bootcamp.lv/wp-content/themes/accenture-bootcamp/browserconfig.xml]
[bootcamp.lv/wp-includes/css/dist/block-library/style.min.css]
[bootcamp.lv/wp-content/plugins/cookie-notice/css/front.min.css]
[bootcamp.lv/wp-content/themes/accenture-bootcamp/styles/main.css]
[bootcamp.lv/wp-content/plugins/cookie-notice/js/front.min.js]
[code.jquery.com/jquery-3.4.1.min.js]
[code.jquery.com/jquery-migrate-3.0.1.min.js]
[bootcamp.lv/index52f0.json]
[bootcamp.lv/xmlrpc0db0.php]
[bootcamp.lv/wp-includes/wlwmanifest.xml]
[bootcamp.lv/index22e4.json]
[bootcamp.lv/indexb0fb.php]
[connect.facebook.net/en_US/fbevents.js]
[bootcamp.lv/wp-content/themes/accenture-bootcamp/images/promo.jpg]
[bootcamp.lv/wp-content/themes/accenture-bootcamp/images/bootcamp-accenture.png]
[bootcamp.lv/wp-content/themes/accenture-bootcamp/files/RTU_Procedure_Accenture_practical_skills_promotion_scholarship_contest_30_10.pdf]
[bootcamp.lv/wp-content/themes/accenture-bootcamp/scripts/vendor.bundle.js]
[bootcamp.lv/index45b5.html]
[bootcamp.lv/wp-content/themes/accenture-bootcamp/scripts/main.bundle.js]
[bootcamp.lv/wp-includes/js/wp-embed.min.js]
[bootcamp.lv/index.html]
[bootcamp.lv/wp-content/themes/accenture-bootcamp/site.html]
[bootcamp.lv/index137c.html]
[bootcamp.lv/wp-content/themes/accenture-bootcamp/safari-pinned-tab.svg]
[bootcamp.lv/indexe5e2.html]
[bootcamp.lv/index188e.html]
[bootcamp.lv/index5eb5.html]
[bootcamp.lv/wp-includes/css/dist/block-library/style.min.css]
[bootcamp.lv/index9d48.html]
[bootcamp.lv/wp-content/plugins/cookie-notice/css/front.min.css]
[bootcamp.lv/indexe909.html]
[bootcamp.lv/index179c.html]
[bootcamp.lv/index92e6.html]
[bootcamp.lv/index074f.html]
[bootcamp.lv/indexecec.html]
[bootcamp.lv/wp-content/themes/accenture-bootcamp/styles/fonts/Graphik-Regular.woff]
[bootcamp.lv/wp-content/themes/accenture-bootcamp/styles/fonts/Graphik-Bold.woff]
[bootcamp.lv/wp-content/themes/accenture-bootcamp/styles/fonts/Graphik-Black.woff]
[bootcamp.lv/wp-content/themes/accenture-bootcamp/styles/main.css]
[www.googletagmanager.com/gtm5445.html]
[connect.facebook.net/en_US/fbevents.js]
[bootcamp.lv/index45b5.html]
[bootcamp.lv/index137c.html]
[bootcamp.lv/indexe5e2.html]
[bootcamp.lv/index5eb5.html]
[bootcamp.lv/indexc637.html]
[bootcamp.lv/indexece6.html]
[bootcamp.lv/indexd211.html]
[bootcamp.lv/index0ea7.html]
[bootcamp.lv/index1d7b.json]
[bootcamp.lv/index9760.html]
[bootcamp.lv/indexf6a3.html]
[bootcamp.lv/indexf16f.php]
[bootcamp.lv/wp-content/uploads/2019/01/Meitene.jpg]
[bootcamp.lv/index188e.html]
[bootcamp.lv/index0225.html]
[bootcamp.lv/index49da.html]
[bootcamp.lv/index8266.html]
[bootcamp.lv/index313c.json]
[bootcamp.lv/index2070.html]
[bootcamp.lv/index3ad6.html]
[bootcamp.lv/index1cc8.html]
[bootcamp.lv/index27d8.php]
[bootcamp.lv/wp-content/uploads/2019/01/peldetajs.jpg]
[bootcamp.lv/index9d48.html]
[bootcamp.lv/indexef66.html]
[bootcamp.lv/indexd45a.html]
[bootcamp.lv/index2e3e.json]
[bootcamp.lv/index46e1.php]
[bootcamp.lv/wp-content/uploads/2019/01/pica.jpg]
[bootcamp.lv/indexe909.html]
[bootcamp.lv/index7105.json]
[bootcamp.lv/index452c.php]
[bootcamp.lv/index179c.html]
[bootcamp.lv/indexe9ea.json]
[bootcamp.lv/index92e6.html]
[bootcamp.lv/index8213.php]
[bootcamp.lv/indexb7e9.json]
[bootcamp.lv/indexa086.php]
[bootcamp.lv/index074f.html]
[bootcamp.lv/index3865.json]
[bootcamp.lv/indexcb24.php]
[bootcamp.lv/indexecec.html]
[bootcamp.lv/wp-content/themes/accenture-bootcamp/styles/fonts/Graphik-Regular.html]
[bootcamp.lv/wp-content/themes/accenture-bootcamp/styles/fonts/Graphik-Bold.html]
[bootcamp.lv/wp-content/themes/accenture-bootcamp/styles/fonts/Graphik-Black.html]
[bootcamp.lv/wp-content/themes/accenture-bootcamp/images/accenture-arrow--thin.svg]
[bootcamp.lv/wp-content/themes/accenture-bootcamp/images/dropdown.svg]
[bootcamp.lv/wp-content/themes/accenture-bootcamp/images/plus.svg]
[bootcamp.lv/wp-content/themes/accenture-bootcamp/images/accenture-arrow--outline.svg]
[bootcamp.lv/POST.html]
[bootcamp.lv/indexca9d.json]
[bootcamp.lv/indexece6.html]
[bootcamp.lv/index9086.php]
[bootcamp.lv/index62af.json]
[bootcamp.lv/indexd211.html]
[bootcamp.lv/indexc2af.php]
[bootcamp.lv/indexcd64.html]
[bootcamp.lv/index1981.json]
[bootcamp.lv/index0ea7.html]
[bootcamp.lv/indexb8be.php]
[bootcamp.lv/indexb25d.json]
[bootcamp.lv/index62ac.php]
[bootcamp.lv/index9760.html]
[bootcamp.lv/index0ccd.json]
[bootcamp.lv/indexf6a3.html]
[bootcamp.lv/indexbb79.php]
[bootcamp.lv/index6637.json]
[bootcamp.lv/index3af1.php]
[bootcamp.lv/index0225.html]
[bootcamp.lv/index01d4.json]
[bootcamp.lv/index5361.php]
[bootcamp.lv/index49da.html]
[bootcamp.lv/index272f.json]
[bootcamp.lv/index8266.html]
[bootcamp.lv/index4408.php]
[bootcamp.lv/index6e3b.json]
[bootcamp.lv/index2070.html]
[bootcamp.lv/index54e2.php]
[bootcamp.lv/indexa7cc.json]
[bootcamp.lv/indexd45a.html]
[bootcamp.lv/index8cae.html]
[bootcamp.lv/indexd06c.html]
[bootcamp.lv/index50ca.html]
[bootcamp.lv/index601c.html]
[bootcamp.lv/indexbc6e.html]
[bootcamp.lv/indexc9bf.html]
[bootcamp.lv/index11df.php]
[bootcamp.lv/indexec1b.html]
[bootcamp.lv/index2e25.html]
[bootcamp.lv/indexcd64.html]
[bootcamp.lv/index87e6.html]
[bootcamp.lv/index5791.html]
[bootcamp.lv/indexd89d.html]
[bootcamp.lv/index88c3.html]
[bootcamp.lv/index30e3.html]
[bootcamp.lv/indexe145.html]
[bootcamp.lv/index17d3.html]
[bootcamp.lv/indexecc4.html]
[bootcamp.lv/indexfcc0.html]
[bootcamp.lv/index78a0.html]
[159.89.25.162/wp-content/uploads/2019/01/liene.jpg]
[159.89.25.162/wp-content/uploads/2019/01/liva.jpg]
[159.89.25.162/wp-content/uploads/2019/01/kirils.jpg]
[159.89.25.162/wp-content/uploads/2018/12/kalns.jpg]
[159.89.25.162/wp-content/uploads/2018/12/ekas.jpg]
[159.89.25.162/wp-content/uploads/2019/01/bootcampweb.jpg]
[159.89.25.162/wp-content/uploads/2019/01/Bootcampweb2.jpg]
[159.89.25.162/wp-content/uploads/2019/01/Bootcampweb3.jpg]
